
> payroll-frontend@0.1.0 dev
> vite --host 127.0.0.1


  [32m[1mVITE[22m v6.4.3[39m  [2mready in [0m[1m563[22m[2m[0m ms[22m

  [32m➜[39m  [1mLocal[22m:   [36mhttp://127.0.0.1:[1m5173[22m/[39m
[2m11:06:52 pm[22m [36m[1m[vite][22m[39m [90m[2m(client)[22m[39m [32mhmr update [39m[2m/src/components/ui/SearchableSelect.tsx, /src/index.css[22m
[2m11:06:52 pm[22m [36m[1m[vite][22m[39m [90m[2m(client)[22m[39m [32mhmr update [39m[2m/src/pages/ShiftAssignmentPage.tsx, /src/index.css[22m
[2m11:06:52 pm[22m [36m[1m[vite][22m[39m [90m[2m(client)[22m[39m [32mhmr update [39m[2m/src/components/ui/SearchableSelect.tsx, /src/index.css[22m
[2m11:36:43 pm[22m [36m[1m[vite][22m[39m [90m[2m(client)[22m[39m [32mpage reload [39m[2msrc/types/index.ts[22m
[2m11:36:48 pm[22m [36m[1m[vite][22m[39m [90m[2m(client)[22m[39m [32mhmr update [39m[2m/src/auth/AuthContext.tsx, /src/index.css, /src/pages/BranchesPage.tsx, /src/pages/DepartmentsPage.tsx, /src/pages/AuditLogsPage.tsx, /src/pages/DashboardPage.tsx, /src/pages/UsersPage.tsx, /src/pages/EmployeesPage.tsx, /src/pages/SettingsPage.tsx, /src/pages/DesignationsPage.tsx, /src/pages/LeavePage.tsx, /src/pages/WeekOffAssignmentPage.tsx, /src/pages/ShiftAssignmentPage.tsx, /src/pages/ShiftManagementPage.tsx[22m
[2m11:37:44 pm[22m [36m[1m[vite][22m[39m [90m[2m(client)[22m[39m [32mhmr update [39m[2m/src/pages/EmployeesPage.tsx, /src/index.css[22m
[2m11:37:50 pm[22m [36m[1m[vite][22m[39m [90m[2m(client)[22m[39m [32mhmr update [39m[2m/src/pages/EmployeesPage.tsx, /src/index.css[22m
[2m11:37:57 pm[22m [36m[1m[vite][22m[39m [90m[2m(client)[22m[39m [32mhmr update [39m[2m/src/pages/EmployeesPage.tsx, /src/index.css[22m
[2m11:38:07 pm[22m [36m[1m[vite][22m[39m [90m[2m(client)[22m[39m [32mhmr update [39m[2m/src/pages/EmployeesPage.tsx, /src/index.css[22m
[2m11:38:20 pm[22m [36m[1m[vite][22m[39m [90m[2m(client)[22m[39m [32mhmr update [39m[2m/src/pages/EmployeesPage.tsx, /src/index.css[22m
[2m11:38:26 pm[22m [36m[1m[vite][22m[39m [90m[2m(client)[22m[39m [32mhmr update [39m[2m/src/pages/EmployeesPage.tsx, /src/index.css[22m
[2m11:45:24 pm[22m [36m[1m[vite][22m[39m [90m[2m(client)[22m[39m [32mhmr update [39m[2m/src/pages/EmployeesPage.tsx, /src/index.css[22m
[2m11:55:14 pm[22m [36m[1m[vite][22m[39m [90m[2m(client)[22m[39m [32mpage reload [39m[2msrc/types/index.ts[22m
[2m11:55:29 pm[22m [36m[1m[vite][22m[39m [90m[2m(client)[22m[39m [32mhmr update [39m[2m/src/pages/EmployeesPage.tsx, /src/index.css[22m
[2m11:55:41 pm[22m [36m[1m[vite][22m[39m [90m[2m(client)[22m[39m [32mhmr update [39m[2m/src/pages/EmployeesPage.tsx, /src/index.css[22m
[2m11:56:03 pm[22m [36m[1m[vite][22m[39m [90m[2m(client)[22m[39m [32mhmr update [39m[2m/src/pages/EmployeesPage.tsx, /src/index.css[22m
[2m12:07:32 am[22m [36m[1m[vite][22m[39m [90m[2m(client)[22m[39m [32mpage reload [39m[2msrc/types/index.ts[22m
[2m12:08:31 am[22m [36m[1m[vite][22m[39m [90m[2m(client)[22m[39m [32mhmr update [39m[2m/src/pages/EmployeesPage.tsx, /src/index.css[22m
[2m12:08:42 am[22m [36m[1m[vite][22m[39m [90m[2m(client)[22m[39m [32mhmr update [39m[2m/src/pages/EmployeesPage.tsx, /src/index.css[22m
[2m12:15:59 am[22m [36m[1m[vite][22m[39m [90m[2m(client)[22m[39m [32mhmr update [39m[2m/src/pages/EmployeesPage.tsx, /src/index.css[22m
[2m12:16:10 am[22m [36m[1m[vite][22m[39m [90m[2m(client)[22m[39m [32mhmr update [39m[2m/src/pages/EmployeesPage.tsx, /src/index.css[22m
[2m12:16:44 am[22m [36m[1m[vite][22m[39m [90m[2m(client)[22m[39m [32mhmr update [39m[2m/src/pages/EmployeesPage.tsx, /src/index.css[22m
[2m12:19:04 am[22m [36m[1m[vite][22m[39m [90m[2m(client)[22m[39m [32mhmr update [39m[2m/src/pages/EmployeesPage.tsx, /src/index.css[22m
[2m12:19:12 am[22m [36m[1m[vite][22m[39m [90m[2m(client)[22m[39m [32mhmr update [39m[2m/src/pages/EmployeesPage.tsx, /src/index.css[22m
[2m12:19:58 am[22m [36m[1m[vite][22m[39m [90m[2m(client)[22m[39m [32mhmr update [39m[2m/src/pages/EmployeesPage.tsx, /src/index.css[22m
[2m12:25:31 am[22m [36m[1m[vite][22m[39m [90m[2m(client)[22m[39m [32mhmr update [39m[2m/src/pages/EmployeesPage.tsx, /src/index.css[22m
